 1NONLINEAR MIXED EFFECTS MODEL PROGRAM (NONMEM) VERSION 7.4.0
 ORIGINALLY DEVELOPED BY STUART BEAL, LEWIS SHEINER, AND ALISON BOECKMANN
 CURRENT DEVELOPERS ARE ROBERT BAUER, ICON DEVELOPMENT SOLUTIONS,
 AND ALISON BOECKMANN. IMPLEMENTATION, EFFICIENCY, AND STANDARDIZATION
 PERFORMED BY NOUS INFOSYSTEMS.

 $PROBLEM PK model 1 cmt base

 $INPUT ID TIME MDV EVID DV AMT  SEX WT ETN NUM
 $DATA ../../../../extdata/acop.csv IGNORE=@
 IGNORE(ID.EQ.2)

 TOT. NO. OF OBS RECS:      741
 TOT. NO. OF INDIVIDUALS:    39

 FIRST ORDER CONDITIONAL ESTIMATION WITH INTERACTION

 MONITORING OF SEARCH:

 0ITERATION NO.:    0    OBJECTIVE VALUE:   3121.41624994936        NO. OF FUNC. EVALS.:   8
 0ITERATION NO.:  447    OBJECTIVE VALUE:   2583.31090094174        NO. OF FUNC. EVALS.: 447

 MINIMIZATION SUCCESSFUL
 NO. OF SIG. DIGITS IN FINAL EST.:  3.0

 ETABAR IS THE ARITHMETIC MEAN OF THE ETA-ESTIMATES,
 AND THE P-VALUE IS THE PROBABILITY THAT IT IS NOT ZERO.

      ETA1         ETA2
 ER   1.77E-02    1.96E-02

 EPS SHRINKAGE (SHRINK%):   1.0E+02

 #OBJT:**************       2583.311       **************

 #OBJV:********************************************     2583.311     ******************************************